mode: set
bcc-go-project/internal/transport/http/server/error_func.go:9.95,15.16 3 0
bcc-go-project/internal/transport/http/server/error_func.go:15.16,17.3 1 0
bcc-go-project/internal/transport/http/server/error_func.go:20.85,23.41 2 0
bcc-go-project/internal/transport/http/server/error_func.go:23.41,26.3 2 0
bcc-go-project/internal/transport/http/server/error_func.go:27.2,28.8 2 0
bcc-go-project/internal/transport/http/server/error_func.go:31.81,34.2 2 0
bcc-go-project/internal/transport/http/server/error_func.go:36.82,39.2 2 0
bcc-go-project/internal/transport/http/server/mock_task_server.go:27.79,31.2 3 1
bcc-go-project/internal/transport/http/server/mock_task_server.go:34.77,36.2 1 1
bcc-go-project/internal/transport/http/server/mock_task_server.go:39.121,46.2 6 1
bcc-go-project/internal/transport/http/server/mock_task_server.go:49.93,52.2 2 1
bcc-go-project/internal/transport/http/server/mock_task_server.go:66.73,70.2 3 1
bcc-go-project/internal/transport/http/server/mock_task_server.go:73.71,75.2 1 1
bcc-go-project/internal/transport/http/server/mock_task_server.go:78.99,84.2 5 1
bcc-go-project/internal/transport/http/server/mock_task_server.go:87.85,90.2 2 1
bcc-go-project/internal/transport/http/server/mock_task_server.go:104.75,108.2 3 1
bcc-go-project/internal/transport/http/server/mock_task_server.go:111.73,113.2 1 1
bcc-go-project/internal/transport/http/server/mock_task_server.go:116.124,122.2 5 1
bcc-go-project/internal/transport/http/server/mock_task_server.go:125.102,128.2 2 1
bcc-go-project/internal/transport/http/server/oapi.server.gen.go:145.70,149.2 3 1
bcc-go-project/internal/transport/http/server/oapi.server.gen.go:152.71,156.2 3 1
bcc-go-project/internal/transport/http/server/oapi.server.gen.go:159.72,161.16 2 0
bcc-go-project/internal/transport/http/server/oapi.server.gen.go:161.16,163.3 1 0
bcc-go-project/internal/transport/http/server/oapi.server.gen.go:165.2,167.12 3 0
bcc-go-project/internal/transport/http/server/oapi.server.gen.go:171.68,175.2 3 1
bcc-go-project/internal/transport/http/server/oapi.server.gen.go:178.69,182.2 3 1
bcc-go-project/internal/transport/http/server/oapi.server.gen.go:185.70,187.16 2 0
bcc-go-project/internal/transport/http/server/oapi.server.gen.go:187.16,189.3 1 0
bcc-go-project/internal/transport/http/server/oapi.server.gen.go:191.2,193.12 3 0
bcc-go-project/internal/transport/http/server/oapi.server.gen.go:196.71,199.2 2 0
bcc-go-project/internal/transport/http/server/oapi.server.gen.go:201.72,204.2 2 0
bcc-go-project/internal/transport/http/server/oapi.server.gen.go:225.78,227.2 1 0
bcc-go-project/internal/transport/http/server/oapi.server.gen.go:231.93,233.2 1 0
bcc-go-project/internal/transport/http/server/oapi.server.gen.go:237.122,239.2 1 0
bcc-go-project/internal/transport/http/server/oapi.server.gen.go:251.90,254.88 2 0
bcc-go-project/internal/transport/http/server/oapi.server.gen.go:254.88,256.3 1 0
bcc-go-project/internal/transport/http/server/oapi.server.gen.go:258.2,258.52 1 0
bcc-go-project/internal/transport/http/server/oapi.server.gen.go:258.52,260.3 1 0
bcc-go-project/internal/transport/http/server/oapi.server.gen.go:262.2,262.42 1 0
bcc-go-project/internal/transport/http/server/oapi.server.gen.go:266.91,275.16 5 0
bcc-go-project/internal/transport/http/server/oapi.server.gen.go:275.16,278.3 2 0
bcc-go-project/internal/transport/http/server/oapi.server.gen.go:280.2,280.88 1 0
bcc-go-project/internal/transport/http/server/oapi.server.gen.go:280.88,282.3 1 0
bcc-go-project/internal/transport/http/server/oapi.server.gen.go:284.2,284.52 1 0
bcc-go-project/internal/transport/http/server/oapi.server.gen.go:284.52,286.3 1 0
bcc-go-project/internal/transport/http/server/oapi.server.gen.go:288.2,288.42 1 0
bcc-go-project/internal/transport/http/server/oapi.server.gen.go:292.102,301.16 5 0
bcc-go-project/internal/transport/http/server/oapi.server.gen.go:301.16,304.3 2 0
bcc-go-project/internal/transport/http/server/oapi.server.gen.go:307.2,310.16 3 0
bcc-go-project/internal/transport/http/server/oapi.server.gen.go:310.16,313.3 2 0
bcc-go-project/internal/transport/http/server/oapi.server.gen.go:315.2,315.88 1 0
bcc-go-project/internal/transport/http/server/oapi.server.gen.go:315.88,317.3 1 0
bcc-go-project/internal/transport/http/server/oapi.server.gen.go:319.2,319.52 1 0
bcc-go-project/internal/transport/http/server/oapi.server.gen.go:319.52,321.3 1 0
bcc-go-project/internal/transport/http/server/oapi.server.gen.go:323.2,323.42 1 0
bcc-go-project/internal/transport/http/server/oapi.server.gen.go:331.52,333.2 1 0
bcc-go-project/internal/transport/http/server/oapi.server.gen.go:335.52,337.2 1 0
bcc-go-project/internal/transport/http/server/oapi.server.gen.go:344.49,346.2 1 0
bcc-go-project/internal/transport/http/server/oapi.server.gen.go:348.49,350.2 1 0
bcc-go-project/internal/transport/http/server/oapi.server.gen.go:356.45,358.2 1 0
bcc-go-project/internal/transport/http/server/oapi.server.gen.go:365.46,367.2 1 0
bcc-go-project/internal/transport/http/server/oapi.server.gen.go:369.46,371.2 1 0
bcc-go-project/internal/transport/http/server/oapi.server.gen.go:378.50,380.2 1 0
bcc-go-project/internal/transport/http/server/oapi.server.gen.go:382.50,384.2 1 0
bcc-go-project/internal/transport/http/server/oapi.server.gen.go:391.53,393.2 1 0
bcc-go-project/internal/transport/http/server/oapi.server.gen.go:396.47,398.2 1 0
bcc-go-project/internal/transport/http/server/oapi.server.gen.go:408.68,412.2 1 0
bcc-go-project/internal/transport/http/server/oapi.server.gen.go:414.95,419.2 1 0
bcc-go-project/internal/transport/http/server/oapi.server.gen.go:422.84,425.14 2 0
bcc-go-project/internal/transport/http/server/oapi.server.gen.go:425.14,427.3 1 0
bcc-go-project/internal/transport/http/server/oapi.server.gen.go:428.2,428.37 1 0
bcc-go-project/internal/transport/http/server/oapi.server.gen.go:428.37,429.86 1 0
bcc-go-project/internal/transport/http/server/oapi.server.gen.go:429.86,431.4 1 0
bcc-go-project/internal/transport/http/server/oapi.server.gen.go:433.2,439.29 2 0
bcc-go-project/internal/transport/http/server/oapi.server.gen.go:439.29,441.3 1 0
bcc-go-project/internal/transport/http/server/oapi.server.gen.go:442.2,442.29 1 0
bcc-go-project/internal/transport/http/server/oapi.server.gen.go:442.29,444.3 1 0
bcc-go-project/internal/transport/http/server/oapi.server.gen.go:445.2,445.29 1 0
bcc-go-project/internal/transport/http/server/oapi.server.gen.go:445.29,447.3 1 0
bcc-go-project/internal/transport/http/server/oapi.server.gen.go:449.2,449.10 1 0
bcc-go-project/internal/transport/http/server/oapi.server.gen.go:468.102,473.2 3 0
bcc-go-project/internal/transport/http/server/oapi.server.gen.go:477.102,482.2 3 0
bcc-go-project/internal/transport/http/server/oapi.server.gen.go:488.102,493.2 3 0
bcc-go-project/internal/transport/http/server/oapi.server.gen.go:505.104,510.2 3 0
bcc-go-project/internal/transport/http/server/oapi.server.gen.go:514.104,519.2 3 0
bcc-go-project/internal/transport/http/server/oapi.server.gen.go:523.104,528.2 3 0
bcc-go-project/internal/transport/http/server/oapi.server.gen.go:534.104,539.2 3 0
bcc-go-project/internal/transport/http/server/oapi.server.gen.go:555.144,557.33 2 0
bcc-go-project/internal/transport/http/server/oapi.server.gen.go:557.33,559.3 1 0
bcc-go-project/internal/transport/http/server/oapi.server.gen.go:560.2,562.53 2 0
bcc-go-project/internal/transport/http/server/oapi.server.gen.go:562.53,564.3 1 0
bcc-go-project/internal/transport/http/server/oapi.server.gen.go:565.2,566.12 2 0
bcc-go-project/internal/transport/http/server/oapi.server.gen.go:571.126,576.2 3 0
bcc-go-project/internal/transport/http/server/oapi.server.gen.go:580.126,585.2 3 0
bcc-go-project/internal/transport/http/server/oapi.server.gen.go:591.126,596.2 3 0
bcc-go-project/internal/transport/http/server/oapi.server.gen.go:619.102,621.84 1 0
bcc-go-project/internal/transport/http/server/oapi.server.gen.go:621.84,623.4 1 0
bcc-go-project/internal/transport/http/server/oapi.server.gen.go:624.85,626.4 1 0
bcc-go-project/internal/transport/http/server/oapi.server.gen.go:630.146,632.2 1 0
bcc-go-project/internal/transport/http/server/oapi.server.gen.go:641.80,645.62 3 0
bcc-go-project/internal/transport/http/server/oapi.server.gen.go:645.62,648.3 2 0
bcc-go-project/internal/transport/http/server/oapi.server.gen.go:649.2,651.121 2 0
bcc-go-project/internal/transport/http/server/oapi.server.gen.go:651.121,653.3 1 0
bcc-go-project/internal/transport/http/server/oapi.server.gen.go:654.2,654.44 1 0
bcc-go-project/internal/transport/http/server/oapi.server.gen.go:654.44,656.3 1 0
bcc-go-project/internal/transport/http/server/oapi.server.gen.go:658.2,660.16 2 0
bcc-go-project/internal/transport/http/server/oapi.server.gen.go:660.16,662.3 1 0
bcc-go-project/internal/transport/http/server/oapi.server.gen.go:662.8,662.76 1 0
bcc-go-project/internal/transport/http/server/oapi.server.gen.go:662.76,663.69 1 0
bcc-go-project/internal/transport/http/server/oapi.server.gen.go:663.69,665.4 1 0
bcc-go-project/internal/transport/http/server/oapi.server.gen.go:666.8,666.28 1 0
bcc-go-project/internal/transport/http/server/oapi.server.gen.go:666.28,668.3 1 0
bcc-go-project/internal/transport/http/server/oapi.server.gen.go:672.95,677.121 3 0
bcc-go-project/internal/transport/http/server/oapi.server.gen.go:677.121,679.3 1 0
bcc-go-project/internal/transport/http/server/oapi.server.gen.go:680.2,680.44 1 0
bcc-go-project/internal/transport/http/server/oapi.server.gen.go:680.44,682.3 1 0
bcc-go-project/internal/transport/http/server/oapi.server.gen.go:684.2,686.16 2 0
bcc-go-project/internal/transport/http/server/oapi.server.gen.go:686.16,688.3 1 0
bcc-go-project/internal/transport/http/server/oapi.server.gen.go:688.8,688.77 1 0
bcc-go-project/internal/transport/http/server/oapi.server.gen.go:688.77,689.70 1 0
bcc-go-project/internal/transport/http/server/oapi.server.gen.go:689.70,691.4 1 0
bcc-go-project/internal/transport/http/server/oapi.server.gen.go:692.8,692.28 1 0
bcc-go-project/internal/transport/http/server/oapi.server.gen.go:692.28,694.3 1 0
bcc-go-project/internal/transport/http/server/oapi.server.gen.go:698.124,704.121 4 0
bcc-go-project/internal/transport/http/server/oapi.server.gen.go:704.121,706.3 1 0
bcc-go-project/internal/transport/http/server/oapi.server.gen.go:707.2,707.44 1 0
bcc-go-project/internal/transport/http/server/oapi.server.gen.go:707.44,709.3 1 0
bcc-go-project/internal/transport/http/server/oapi.server.gen.go:711.2,713.16 2 0
bcc-go-project/internal/transport/http/server/oapi.server.gen.go:713.16,715.3 1 0
bcc-go-project/internal/transport/http/server/oapi.server.gen.go:715.8,715.88 1 0
bcc-go-project/internal/transport/http/server/oapi.server.gen.go:715.88,716.81 1 0
bcc-go-project/internal/transport/http/server/oapi.server.gen.go:716.81,718.4 1 0
bcc-go-project/internal/transport/http/server/oapi.server.gen.go:719.8,719.28 1 0
bcc-go-project/internal/transport/http/server/oapi.server.gen.go:719.28,721.3 1 0
bcc-go-project/internal/transport/http/server/oapi.server.gen.go:755.35,757.16 2 1
bcc-go-project/internal/transport/http/server/oapi.server.gen.go:757.16,759.3 1 0
bcc-go-project/internal/transport/http/server/oapi.server.gen.go:760.2,761.16 2 1
bcc-go-project/internal/transport/http/server/oapi.server.gen.go:761.16,763.3 1 0
bcc-go-project/internal/transport/http/server/oapi.server.gen.go:764.2,766.16 3 1
bcc-go-project/internal/transport/http/server/oapi.server.gen.go:766.16,768.3 1 0
bcc-go-project/internal/transport/http/server/oapi.server.gen.go:770.2,770.25 1 1
bcc-go-project/internal/transport/http/server/oapi.server.gen.go:776.48,778.32 2 1
bcc-go-project/internal/transport/http/server/oapi.server.gen.go:778.32,780.3 1 0
bcc-go-project/internal/transport/http/server/oapi.server.gen.go:784.73,786.25 2 0
bcc-go-project/internal/transport/http/server/oapi.server.gen.go:786.25,788.3 1 0
bcc-go-project/internal/transport/http/server/oapi.server.gen.go:790.2,790.12 1 0
bcc-go-project/internal/transport/http/server/oapi.server.gen.go:798.52,803.87 4 0
bcc-go-project/internal/transport/http/server/oapi.server.gen.go:803.87,807.10 4 0
bcc-go-project/internal/transport/http/server/oapi.server.gen.go:807.10,810.4 2 0
bcc-go-project/internal/transport/http/server/oapi.server.gen.go:811.3,811.19 1 0
bcc-go-project/internal/transport/http/server/oapi.server.gen.go:813.2,815.16 3 0
bcc-go-project/internal/transport/http/server/oapi.server.gen.go:815.16,817.3 1 0
bcc-go-project/internal/transport/http/server/oapi.server.gen.go:818.2,819.16 2 0
bcc-go-project/internal/transport/http/server/oapi.server.gen.go:819.16,821.3 1 0
bcc-go-project/internal/transport/http/server/oapi.server.gen.go:822.2,822.8 1 0
bcc-go-project/internal/transport/http/server/task_server.go:45.133,51.2 1 1
bcc-go-project/internal/transport/http/server/task_server.go:53.63,58.2 1 1
bcc-go-project/internal/transport/http/server/task_server.go:60.61,65.2 1 1
bcc-go-project/internal/transport/http/server/task_server.go:67.72,72.2 1 1
bcc-go-project/internal/transport/http/server/task_server.go:74.34,76.16 2 1
bcc-go-project/internal/transport/http/server/task_server.go:76.16,78.3 1 0
bcc-go-project/internal/transport/http/server/task_server.go:79.2,79.46 1 1
bcc-go-project/internal/transport/http/server/task_server.go:79.46,81.3 1 1
bcc-go-project/internal/transport/http/server/task_server.go:82.2,82.12 1 1
bcc-go-project/internal/transport/http/server/task_server.go:85.56,86.33 1 1
bcc-go-project/internal/transport/http/server/task_server.go:86.33,87.47 1 1
bcc-go-project/internal/transport/http/server/task_server.go:87.47,89.4 1 1
bcc-go-project/internal/transport/http/server/task_server.go:91.2,91.12 1 1
bcc-go-project/internal/transport/http/server/task_server.go:94.59,96.16 2 1
bcc-go-project/internal/transport/http/server/task_server.go:96.16,98.3 1 0
bcc-go-project/internal/transport/http/server/task_server.go:99.2,99.50 1 1
bcc-go-project/internal/transport/http/server/task_server.go:103.130,104.47 1 1
bcc-go-project/internal/transport/http/server/task_server.go:104.47,107.3 1 1
bcc-go-project/internal/transport/http/server/task_server.go:108.2,115.45 3 1
bcc-go-project/internal/transport/http/server/task_server.go:115.45,117.3 1 1
bcc-go-project/internal/transport/http/server/task_server.go:118.2,120.16 3 1
bcc-go-project/internal/transport/http/server/task_server.go:120.16,124.3 1 1
bcc-go-project/internal/transport/http/server/task_server.go:125.2,128.8 1 1
bcc-go-project/internal/transport/http/server/task_server.go:132.133,134.16 2 1
bcc-go-project/internal/transport/http/server/task_server.go:134.16,135.45 1 1
bcc-go-project/internal/transport/http/server/task_server.go:135.45,137.4 1 1
bcc-go-project/internal/transport/http/server/task_server.go:140.2,141.34 2 1
bcc-go-project/internal/transport/http/server/task_server.go:141.34,143.23 2 1
bcc-go-project/internal/transport/http/server/task_server.go:143.23,149.4 3 1
bcc-go-project/internal/transport/http/server/task_server.go:149.9,155.4 2 1
bcc-go-project/internal/transport/http/server/task_server.go:156.3,156.18 1 1
bcc-go-project/internal/transport/http/server/task_server.go:158.2,162.8 1 1
bcc-go-project/internal/transport/http/server/task_server.go:167.166,169.16 2 1
bcc-go-project/internal/transport/http/server/task_server.go:169.16,170.87 1 1
bcc-go-project/internal/transport/http/server/task_server.go:170.87,172.4 1 1
bcc-go-project/internal/transport/http/server/task_server.go:174.2,177.8 1 1
bcc-go-project/internal/usecase/task/create_task.go:33.131,35.2 1 0
bcc-go-project/internal/usecase/task/create_task.go:36.188,38.2 1 0
bcc-go-project/internal/usecase/task/create_task.go:43.132,45.2 1 0
bcc-go-project/internal/usecase/task/create_task.go:47.78,49.2 1 0
bcc-go-project/internal/usecase/task/create_task.go:66.22,73.2 1 1
bcc-go-project/internal/usecase/task/create_task.go:76.136,78.16 2 1
bcc-go-project/internal/usecase/task/create_task.go:78.16,80.3 1 1
bcc-go-project/internal/usecase/task/create_task.go:82.2,84.34 3 1
bcc-go-project/internal/usecase/task/create_task.go:88.111,95.34 6 1
bcc-go-project/internal/usecase/task/create_task.go:95.34,99.3 2 1
bcc-go-project/internal/usecase/task/create_task.go:101.2,105.91 4 1
bcc-go-project/internal/usecase/task/create_task.go:105.91,108.3 2 1
bcc-go-project/internal/usecase/task/create_task.go:108.8,111.3 2 1
bcc-go-project/internal/usecase/task/create_task.go:115.130,118.64 2 1
bcc-go-project/internal/usecase/task/create_task.go:118.64,119.83 1 1
bcc-go-project/internal/usecase/task/create_task.go:119.83,121.4 1 1
bcc-go-project/internal/usecase/task/create_task.go:121.9,123.4 1 1
bcc-go-project/internal/usecase/task/create_task.go:124.3,127.90 4 1
bcc-go-project/internal/usecase/task/create_task.go:127.90,129.4 1 1
bcc-go-project/internal/usecase/task/create_task.go:130.8,135.90 5 1
bcc-go-project/internal/usecase/task/create_task.go:135.90,137.4 1 1
bcc-go-project/internal/usecase/task/create_task.go:139.2,139.12 1 1
bcc-go-project/internal/usecase/task/get_task.go:18.71,22.2 1 1
bcc-go-project/internal/usecase/task/get_task.go:25.96,30.16 4 1
bcc-go-project/internal/usecase/task/get_task.go:30.16,32.3 1 1
bcc-go-project/internal/usecase/task/get_task.go:34.2,34.18 1 1
bcc-go-project/internal/usecase/task/get_task_file.go:18.75,22.2 1 1
bcc-go-project/internal/usecase/task/get_task_file.go:25.121,30.16 4 1
bcc-go-project/internal/usecase/task/get_task_file.go:30.16,32.3 1 1
bcc-go-project/internal/usecase/task/get_task_file.go:34.2,34.18 1 1
bcc-go-project/internal/usecase/task/mock_create_task.go:28.85,32.2 3 1
bcc-go-project/internal/usecase/task/mock_create_task.go:35.83,37.2 1 1
bcc-go-project/internal/usecase/task/mock_create_task.go:40.105,46.2 5 1
bcc-go-project/internal/usecase/task/mock_create_task.go:49.92,52.2 2 1
bcc-go-project/internal/usecase/task/mock_create_task.go:55.125,60.2 4 1
bcc-go-project/internal/usecase/task/mock_create_task.go:63.109,66.2 2 1
bcc-go-project/internal/usecase/task/mock_create_task.go:69.133,74.2 4 1
bcc-go-project/internal/usecase/task/mock_create_task.go:77.111,80.2 2 1
bcc-go-project/internal/usecase/task/mock_create_task.go:83.116,88.2 4 1
bcc-go-project/internal/usecase/task/mock_create_task.go:91.104,94.2 2 1
bcc-go-project/internal/usecase/task/mock_create_task.go:108.77,112.2 3 1
bcc-go-project/internal/usecase/task/mock_create_task.go:115.75,117.2 1 1
bcc-go-project/internal/usecase/task/mock_create_task.go:120.196,123.2 2 1
bcc-go-project/internal/usecase/task/mock_create_task.go:126.103,129.2 2 1
bcc-go-project/internal/usecase/task/mock_create_task.go:132.139,135.2 2 1
bcc-go-project/internal/usecase/task/mock_create_task.go:138.91,141.2 2 1
bcc-go-project/internal/usecase/task/mock_create_task.go:155.65,159.2 3 1
bcc-go-project/internal/usecase/task/mock_create_task.go:162.63,164.2 1 1
bcc-go-project/internal/usecase/task/mock_create_task.go:167.84,173.2 5 1
bcc-go-project/internal/usecase/task/mock_create_task.go:176.79,179.2 2 1
bcc-go-project/internal/usecase/task/mock_get_task.go:27.79,31.2 3 1
bcc-go-project/internal/usecase/task/mock_get_task.go:34.77,36.2 1 1
bcc-go-project/internal/usecase/task/mock_get_task.go:39.98,45.2 5 1
bcc-go-project/internal/usecase/task/mock_get_task.go:48.84,51.2 2 1
bcc-go-project/internal/usecase/task/mock_get_task_file.go:27.81,31.2 3 1
bcc-go-project/internal/usecase/task/mock_get_task_file.go:34.79,36.2 1 1
bcc-go-project/internal/usecase/task/mock_get_task_file.go:39.127,45.2 5 1
bcc-go-project/internal/usecase/task/mock_get_task_file.go:48.105,51.2 2 1
bcc-go-project/internal/domain/entity/task.go:34.54,36.27 2 0
bcc-go-project/internal/domain/entity/task.go:36.27,38.3 1 0
bcc-go-project/internal/domain/entity/task.go:39.2,43.3 1 0
bcc-go-project/cmd/app/main.go:23.13,34.16 6 0
bcc-go-project/cmd/app/main.go:34.16,37.3 2 0
bcc-go-project/cmd/app/main.go:40.2,69.12 12 0
bcc-go-project/cmd/app/main.go:69.12,71.84 2 0
bcc-go-project/cmd/app/main.go:71.84,73.4 1 0
bcc-go-project/cmd/app/main.go:77.2,81.40 5 0
bcc-go-project/cmd/app/main.go:81.40,83.3 1 0
bcc-go-project/cmd/app/main.go:84.2,87.34 3 0
bcc-go-project/internal/infrastructure/repository/local/task_repo.go:25.42,32.2 1 0
bcc-go-project/internal/infrastructure/repository/local/task_repo.go:35.102,37.22 1 0
bcc-go-project/internal/infrastructure/repository/local/task_repo.go:37.22,39.3 1 0
bcc-go-project/internal/infrastructure/repository/local/task_repo.go:40.2,45.21 6 0
bcc-go-project/internal/infrastructure/repository/local/task_repo.go:49.106,51.22 1 0
bcc-go-project/internal/infrastructure/repository/local/task_repo.go:51.22,53.3 1 0
bcc-go-project/internal/infrastructure/repository/local/task_repo.go:54.2,56.33 3 0
bcc-go-project/internal/infrastructure/repository/local/task_repo.go:56.33,58.3 1 0
bcc-go-project/internal/infrastructure/repository/local/task_repo.go:58.8,61.3 2 0
bcc-go-project/internal/infrastructure/repository/local/task_repo.go:62.2,62.12 1 0
bcc-go-project/internal/infrastructure/repository/local/task_repo.go:66.91,68.22 1 0
bcc-go-project/internal/infrastructure/repository/local/task_repo.go:68.22,70.3 1 0
bcc-go-project/internal/infrastructure/repository/local/task_repo.go:71.2,73.33 3 0
bcc-go-project/internal/infrastructure/repository/local/task_repo.go:73.33,75.3 1 0
bcc-go-project/internal/infrastructure/repository/local/task_repo.go:75.8,77.3 1 0
bcc-go-project/internal/infrastructure/repository/local/task_repo.go:81.115,83.22 1 0
bcc-go-project/internal/infrastructure/repository/local/task_repo.go:83.22,85.3 1 0
bcc-go-project/internal/infrastructure/repository/local/task_repo.go:87.2,89.33 3 0
bcc-go-project/internal/infrastructure/repository/local/task_repo.go:89.33,91.3 1 0
bcc-go-project/internal/infrastructure/repository/local/task_repo.go:91.8,92.34 1 0
bcc-go-project/internal/infrastructure/repository/local/task_repo.go:92.34,93.23 1 0
bcc-go-project/internal/infrastructure/repository/local/task_repo.go:93.23,99.5 5 0
bcc-go-project/internal/infrastructure/repository/local/task_repo.go:102.2,102.85 1 0
bcc-go-project/internal/infrastructure/repository/local/task_repo.go:106.123,108.22 1 0
bcc-go-project/internal/infrastructure/repository/local/task_repo.go:108.22,110.3 1 0
bcc-go-project/internal/infrastructure/repository/local/task_repo.go:111.2,113.33 3 0
bcc-go-project/internal/infrastructure/repository/local/task_repo.go:113.33,115.3 1 0
bcc-go-project/internal/infrastructure/repository/local/task_repo.go:115.8,116.34 1 0
bcc-go-project/internal/infrastructure/repository/local/task_repo.go:116.34,117.23 1 0
bcc-go-project/internal/infrastructure/repository/local/task_repo.go:117.23,121.5 3 0
bcc-go-project/internal/infrastructure/repository/local/task_repo.go:124.2,124.84 1 0
bcc-go-project/internal/infrastructure/repository/local/task_repo.go:128.119,130.22 1 0
bcc-go-project/internal/infrastructure/repository/local/task_repo.go:130.22,132.3 1 0
bcc-go-project/internal/infrastructure/repository/local/task_repo.go:133.2,135.37 3 0
bcc-go-project/internal/infrastructure/repository/local/task_repo.go:135.37,137.3 1 0
bcc-go-project/internal/infrastructure/repository/local/task_repo.go:137.8,138.34 1 0
bcc-go-project/internal/infrastructure/repository/local/task_repo.go:138.34,139.40 1 0
bcc-go-project/internal/infrastructure/repository/local/task_repo.go:139.40,141.5 1 0
bcc-go-project/internal/infrastructure/repository/local/task_repo.go:144.2,144.92 1 0
bcc-go-project/internal/infrastructure/adatper/http_loader/loader.go:19.51,21.2 1 0
bcc-go-project/internal/infrastructure/adatper/http_loader/loader.go:23.80,25.16 2 0
bcc-go-project/internal/infrastructure/adatper/http_loader/loader.go:25.16,27.3 1 0
bcc-go-project/internal/infrastructure/adatper/http_loader/loader.go:28.2,29.16 2 0
bcc-go-project/internal/infrastructure/adatper/http_loader/loader.go:29.16,31.3 1 0
bcc-go-project/internal/infrastructure/adatper/http_loader/loader.go:32.2,34.16 3 0
bcc-go-project/internal/infrastructure/adatper/http_loader/loader.go:34.16,36.3 1 0
bcc-go-project/internal/infrastructure/adatper/http_loader/loader.go:37.2,37.18 1 0
bcc-go-project/internal/pkg/detach_context/detach_context.go:17.67,19.2 1 0
bcc-go-project/internal/pkg/detach_context/detach_context.go:20.49,22.2 1 0
bcc-go-project/internal/pkg/detach_context/detach_context.go:23.38,25.2 1 0
bcc-go-project/internal/pkg/detach_context/detach_context.go:26.45,28.2 1 0
bcc-go-project/internal/pkg/detach_context/detach_context.go:30.57,32.2 1 0
bcc-go-project/internal/transport/http/server/middleware/middleware.go:15.102,16.130 1 0
bcc-go-project/internal/transport/http/server/middleware/middleware.go:16.130,19.16 2 0
bcc-go-project/internal/transport/http/server/middleware/middleware.go:19.16,22.4 2 0
bcc-go-project/internal/transport/http/server/middleware/middleware.go:22.9,24.4 1 0
bcc-go-project/internal/transport/http/server/middleware/middleware.go:27.3,29.31 2 0
bcc-go-project/internal/transport/http/server/middleware/middleware.go:33.102,34.130 1 0
bcc-go-project/internal/transport/http/server/middleware/middleware.go:34.130,35.16 1 0
bcc-go-project/internal/transport/http/server/middleware/middleware.go:35.16,36.36 1 0
bcc-go-project/internal/transport/http/server/middleware/middleware.go:36.36,39.5 2 0
bcc-go-project/internal/transport/http/server/middleware/middleware.go:41.3,41.31 1 0
